SERVER HOST :
-------------

$ cat /proc/cpuinfo 
processor	: 0
vendor_id	: GenuineIntel
cpu family	: 6
model		: 94
model name	: Intel(R) Xeon(R) CPU E3-1225 v5 @ 3.30GHz
stepping	: 3
cpu MHz		: 3311.998
cache size	: 8192 KB
physical id	: 0
siblings	: 4
core id		: 0
cpu cores	: 4
apicid		: 0
initial apicid	: 0
fpu		: yes
fpu_exception	: yes
cpuid level	: 22
wp		: yes
flags		: fpu vme de pse tsc msr pae mce cx8 apic sep mtrr pge mca cmov pat pse36 clflush dts acpi mmx fxsr sse sse2 ss ht tm pbe syscall nx pdpe1gb rdtscp lm constant_tsc arch_perfmon pebs bts rep_good xtopology nonstop_tsc aperfmperf pni pclmulqdq dtes64 monitor ds_cpl vmx smx est tm2 ssse3 fma cx16 xtpr pdcm pcid sse4_1 sse4_2 x2apic movbe popcnt tsc_deadline_timer aes xsave avx f16c rdrand lahf_lm abm 3dnowprefetch ida arat epb xsaveopt pln pts dts tpr_shadow vnmi flexpriority ept vpid fsgsbase bmi1 hle avx2 smep bmi2 erms invpcid rtm
bogomips	: 6623.99
clflush size	: 64
cache_alignment	: 64
address sizes	: 39 bits physical, 48 bits virtual
power management:

processor	: 1
vendor_id	: GenuineIntel
cpu family	: 6
model		: 94
model name	: Intel(R) Xeon(R) CPU E3-1225 v5 @ 3.30GHz
stepping	: 3
cpu MHz		: 3311.998
cache size	: 8192 KB
physical id	: 0
siblings	: 4
core id		: 1
cpu cores	: 4
apicid		: 2
initial apicid	: 2
fpu		: yes
fpu_exception	: yes
cpuid level	: 22
wp		: yes
flags		: fpu vme de pse tsc msr pae mce cx8 apic sep mtrr pge mca cmov pat pse36 clflush dts acpi mmx fxsr sse sse2 ss ht tm pbe syscall nx pdpe1gb rdtscp lm constant_tsc arch_perfmon pebs bts rep_good xtopology nonstop_tsc aperfmperf pni pclmulqdq dtes64 monitor ds_cpl vmx smx est tm2 ssse3 fma cx16 xtpr pdcm pcid sse4_1 sse4_2 x2apic movbe popcnt tsc_deadline_timer aes xsave avx f16c rdrand lahf_lm abm 3dnowprefetch ida arat epb xsaveopt pln pts dts tpr_shadow vnmi flexpriority ept vpid fsgsbase bmi1 hle avx2 smep bmi2 erms invpcid rtm
bogomips	: 6623.99
clflush size	: 64
cache_alignment	: 64
address sizes	: 39 bits physical, 48 bits virtual
power management:

processor	: 2
vendor_id	: GenuineIntel
cpu family	: 6
model		: 94
model name	: Intel(R) Xeon(R) CPU E3-1225 v5 @ 3.30GHz
stepping	: 3
cpu MHz		: 3311.998
cache size	: 8192 KB
physical id	: 0
siblings	: 4
core id		: 2
cpu cores	: 4
apicid		: 4
initial apicid	: 4
fpu		: yes
fpu_exception	: yes
cpuid level	: 22
wp		: yes
flags		: fpu vme de pse tsc msr pae mce cx8 apic sep mtrr pge mca cmov pat pse36 clflush dts acpi mmx fxsr sse sse2 ss ht tm pbe syscall nx pdpe1gb rdtscp lm constant_tsc arch_perfmon pebs bts rep_good xtopology nonstop_tsc aperfmperf pni pclmulqdq dtes64 monitor ds_cpl vmx smx est tm2 ssse3 fma cx16 xtpr pdcm pcid sse4_1 sse4_2 x2apic movbe popcnt tsc_deadline_timer aes xsave avx f16c rdrand lahf_lm abm 3dnowprefetch ida arat epb xsaveopt pln pts dts tpr_shadow vnmi flexpriority ept vpid fsgsbase bmi1 hle avx2 smep bmi2 erms invpcid rtm
bogomips	: 6623.99
clflush size	: 64
cache_alignment	: 64
address sizes	: 39 bits physical, 48 bits virtual
power management:

processor	: 3
vendor_id	: GenuineIntel
cpu family	: 6
model		: 94
model name	: Intel(R) Xeon(R) CPU E3-1225 v5 @ 3.30GHz
stepping	: 3
cpu MHz		: 3311.998
cache size	: 8192 KB
physical id	: 0
siblings	: 4
core id		: 3
cpu cores	: 4
apicid		: 6
initial apicid	: 6
fpu		: yes
fpu_exception	: yes
cpuid level	: 22
wp		: yes
flags		: fpu vme de pse tsc msr pae mce cx8 apic sep mtrr pge mca cmov pat pse36 clflush dts acpi mmx fxsr sse sse2 ss ht tm pbe syscall nx pdpe1gb rdtscp lm constant_tsc arch_perfmon pebs bts rep_good xtopology nonstop_tsc aperfmperf pni pclmulqdq dtes64 monitor ds_cpl vmx smx est tm2 ssse3 fma cx16 xtpr pdcm pcid sse4_1 sse4_2 x2apic movbe popcnt tsc_deadline_timer aes xsave avx f16c rdrand lahf_lm abm 3dnowprefetch ida arat epb xsaveopt pln pts dts tpr_shadow vnmi flexpriority ept vpid fsgsbase bmi1 hle avx2 smep bmi2 erms invpcid rtm
bogomips	: 6623.99
clflush size	: 64
cache_alignment	: 64
address sizes	: 39 bits physical, 48 bits virtual
power management:


1. spider-g
===============

server host :
-------------

$ ./bin/ws-rel


client host :
-------------

$ ab -n 4096 -c 1 http://192.168.1.12:55501/color
This is ApacheBench, Version 2.3 <$Revision: 655654 $>
Copyright 1996 Adam Twiss, Zeus Technology Ltd, http://www.zeustech.net/
Licensed to The Apache Software Foundation, http://www.apache.org/

Benchmarking 192.168.1.12 (be patient)
Completed 409 requests
Completed 818 requests
Completed 1227 requests
Completed 1636 requests
Completed 2045 requests
Completed 2454 requests
Completed 2863 requests
Completed 3272 requests
Completed 3681 requests
Completed 4090 requests
Finished 4096 requests


Server Software:        
Server Hostname:        192.168.1.12
Server Port:            55501

Document Path:          /color
Document Length:        204 bytes

Concurrency Level:      1
Time taken for tests:   8.095 seconds
Complete requests:      4096
Failed requests:        0
Write errors:           0
Total transferred:      1130496 bytes
HTML transferred:       835584 bytes
Requests per second:    506.01 [#/sec] (mean)
Time per request:       1.976 [ms] (mean)
Time per request:       1.976 [ms] (mean, across all concurrent requests)
Transfer rate:          136.39 [Kbytes/sec] received

Connection Times (ms)
              min  mean[+/-sd] median   max
Connect:        0    1   0.8      1      18
Processing:     1    1   0.8      1      16
Waiting:        0    1   0.8      1      16
Total:          1    2   1.2      2      19

Percentage of the requests served within a certain time (ms)
  50%      2
  66%      2
  75%      2
  80%      2
  90%      2
  95%      4
  98%      6
  99%      7
 100%     19 (longest request)


$ ab -n 4096 -c 2 http://192.168.1.12:55501/color
This is ApacheBench, Version 2.3 <$Revision: 655654 $>
Copyright 1996 Adam Twiss, Zeus Technology Ltd, http://www.zeustech.net/
Licensed to The Apache Software Foundation, http://www.apache.org/

Benchmarking 192.168.1.12 (be patient)
Completed 409 requests
Completed 818 requests
Completed 1227 requests
Completed 1636 requests
Completed 2045 requests
Completed 2454 requests
Completed 2863 requests
Completed 3272 requests
Completed 3681 requests
Completed 4090 requests
Finished 4096 requests


Server Software:        
Server Hostname:        192.168.1.12
Server Port:            55501

Document Path:          /color
Document Length:        204 bytes

Concurrency Level:      2
Time taken for tests:   4.150 seconds
Complete requests:      4096
Failed requests:        0
Write errors:           0
Total transferred:      1130496 bytes
HTML transferred:       835584 bytes
Requests per second:    987.09 [#/sec] (mean)
Time per request:       2.026 [ms] (mean)
Time per request:       1.013 [ms] (mean, across all concurrent requests)
Transfer rate:          266.05 [Kbytes/sec] received

Connection Times (ms)
              min  mean[+/-sd] median   max
Connect:        0    1   0.8      1      17
Processing:     1    1   0.9      1      15
Waiting:        0    1   0.7      1      15
Total:          1    2   1.3      2      19

Percentage of the requests served within a certain time (ms)
  50%      2
  66%      2
  75%      2
  80%      2
  90%      2
  95%      5
  98%      6
  99%      8
 100%     19 (longest request)


$ ab -n 4096 -c 4 http://192.168.1.12:55501/color
This is ApacheBench, Version 2.3 <$Revision: 655654 $>
Copyright 1996 Adam Twiss, Zeus Technology Ltd, http://www.zeustech.net/
Licensed to The Apache Software Foundation, http://www.apache.org/

Benchmarking 192.168.1.12 (be patient)
Completed 409 requests
Completed 818 requests
Completed 1227 requests
Completed 1636 requests
Completed 2045 requests
Completed 2454 requests
Completed 2863 requests
Completed 3272 requests
Completed 3681 requests
Completed 4090 requests
Finished 4096 requests


Server Software:        
Server Hostname:        192.168.1.12
Server Port:            55501

Document Path:          /color
Document Length:        204 bytes

Concurrency Level:      4
Time taken for tests:   2.107 seconds
Complete requests:      4096
Failed requests:        0
Write errors:           0
Total transferred:      1130496 bytes
HTML transferred:       835584 bytes
Requests per second:    1943.95 [#/sec] (mean)
Time per request:       2.058 [ms] (mean)
Time per request:       0.514 [ms] (mean, across all concurrent requests)
Transfer rate:          523.96 [Kbytes/sec] received

Connection Times (ms)
              min  mean[+/-sd] median   max
Connect:        0    1   1.0      1      17
Processing:     1    1   1.2      1      18
Waiting:        0    1   1.0      1      17
Total:          1    2   1.9      2      34

Percentage of the requests served within a certain time (ms)
  50%      2
  66%      2
  75%      2
  80%      2
  90%      2
  95%      5
  98%      7
  99%     10
 100%     34 (longest request)


$ ab -n 4096 -c 8 http://192.168.1.12:55501/color
This is ApacheBench, Version 2.3 <$Revision: 655654 $>
Copyright 1996 Adam Twiss, Zeus Technology Ltd, http://www.zeustech.net/
Licensed to The Apache Software Foundation, http://www.apache.org/

Benchmarking 192.168.1.12 (be patient)
Completed 409 requests
Completed 818 requests
Completed 1227 requests
Completed 1636 requests
Completed 2045 requests
Completed 2454 requests
Completed 2863 requests
Completed 3272 requests
Completed 3681 requests
Completed 4090 requests
Finished 4096 requests


Server Software:        
Server Hostname:        192.168.1.12
Server Port:            55501

Document Path:          /color
Document Length:        204 bytes

Concurrency Level:      8
Time taken for tests:   1.597 seconds
Complete requests:      4096
Failed requests:        0
Write errors:           0
Total transferred:      1130496 bytes
HTML transferred:       835584 bytes
Requests per second:    2564.91 [#/sec] (mean)
Time per request:       3.119 [ms] (mean)
Time per request:       0.390 [ms] (mean, across all concurrent requests)
Transfer rate:          691.32 [Kbytes/sec] received

Connection Times (ms)
              min  mean[+/-sd] median   max
Connect:        0    1   1.5      1      29
Processing:     1    2   2.2      1      33
Waiting:        0    1   1.9      1      33
Total:          1    3   2.8      2      43

Percentage of the requests served within a certain time (ms)
  50%      2
  66%      2
  75%      2
  80%      3
  90%      4
  95%      7
  98%     10
  99%     15
 100%     43 (longest request)


$ ab -n 4096 -c 16 http://192.168.1.12:55501/color
This is ApacheBench, Version 2.3 <$Revision: 655654 $>
Copyright 1996 Adam Twiss, Zeus Technology Ltd, http://www.zeustech.net/
Licensed to The Apache Software Foundation, http://www.apache.org/

Benchmarking 192.168.1.12 (be patient)
Completed 409 requests
Completed 818 requests
Completed 1227 requests
Completed 1636 requests
Completed 2045 requests
Completed 2454 requests
Completed 2863 requests
Completed 3272 requests
Completed 3681 requests
Completed 4090 requests
Finished 4096 requests


Server Software:        
Server Hostname:        192.168.1.12
Server Port:            55501

Document Path:          /color
Document Length:        204 bytes

Concurrency Level:      16
Time taken for tests:   1.669 seconds
Complete requests:      4096
Failed requests:        0
Write errors:           0
Total transferred:      1131876 bytes
HTML transferred:       836604 bytes
Requests per second:    2453.52 [#/sec] (mean)
Time per request:       6.521 [ms] (mean)
Time per request:       0.408 [ms] (mean, across all concurrent requests)
Transfer rate:          662.11 [Kbytes/sec] received

Connection Times (ms)
              min  mean[+/-sd] median   max
Connect:        1    3   2.3      2      36
Processing:     2    4   3.4      3      56
Waiting:        1    3   2.5      2      37
Total:          3    6   4.8      5      68

Percentage of the requests served within a certain time (ms)
  50%      5
  66%      5
  75%      5
  80%      6
  90%      9
  95%     14
  98%     20
  99%     26
 100%     68 (longest request)

$ ab -n 4096 -c 32 http://192.168.1.12:55501/color
This is ApacheBench, Version 2.3 <$Revision: 655654 $>
Copyright 1996 Adam Twiss, Zeus Technology Ltd, http://www.zeustech.net/
Licensed to The Apache Software Foundation, http://www.apache.org/

Benchmarking 192.168.1.12 (be patient)
Completed 409 requests
Completed 818 requests
Completed 1227 requests
Completed 1636 requests
Completed 2045 requests
Completed 2454 requests
Completed 2863 requests
Completed 3272 requests
Completed 3681 requests
Completed 4090 requests
Finished 4096 requests


Server Software:        
Server Hostname:        192.168.1.12
Server Port:            55501

Document Path:          /color
Document Length:        204 bytes

Concurrency Level:      32
Time taken for tests:   1.544 seconds
Complete requests:      4096
Failed requests:        0
Write errors:           0
Total transferred:      1135464 bytes
HTML transferred:       839256 bytes
Requests per second:    2653.64 [#/sec] (mean)
Time per request:       12.059 [ms] (mean)
Time per request:       0.377 [ms] (mean, across all concurrent requests)
Transfer rate:          718.38 [Kbytes/sec] received

Connection Times (ms)
              min  mean[+/-sd] median   max
Connect:        2    5   4.1      4      63
Processing:     3    7   5.7      6      86
Waiting:        0    5   4.4      4      62
Total:          8   12   7.8      9     101

Percentage of the requests served within a certain time (ms)
  50%      9
  66%     10
  75%     12
  80%     13
  90%     16
  95%     22
  98%     31
  99%     40
 100%    101 (longest request)

$ ab -n 4096 -c 64 http://192.168.1.12:55501/color
This is ApacheBench, Version 2.3 <$Revision: 655654 $>
Copyright 1996 Adam Twiss, Zeus Technology Ltd, http://www.zeustech.net/
Licensed to The Apache Software Foundation, http://www.apache.org/

Benchmarking 192.168.1.12 (be patient)
Completed 409 requests
Completed 818 requests
Completed 1227 requests
Completed 1636 requests
Completed 2045 requests
Completed 2454 requests
Completed 2863 requests
Completed 3272 requests
Completed 3681 requests
Completed 4090 requests
Finished 4096 requests


Server Software:        
Server Hostname:        192.168.1.12
Server Port:            55501

Document Path:          /color
Document Length:        204 bytes

Concurrency Level:      64
Time taken for tests:   1.496 seconds
Complete requests:      4096
Failed requests:        0
Write errors:           0
Total transferred:      1131600 bytes
HTML transferred:       836400 bytes
Requests per second:    2737.98 [#/sec] (mean)
Time per request:       23.375 [ms] (mean)
Time per request:       0.365 [ms] (mean, across all concurrent requests)
Transfer rate:          738.69 [Kbytes/sec] received

Connection Times (ms)
              min  mean[+/-sd] median   max
Connect:        4   10   4.0      9      30
Processing:     6   13   5.1     11      37
Waiting:        1    9   4.4      8      30
Total:         12   23   6.1     21      44

Percentage of the requests served within a certain time (ms)
  50%     21
  66%     23
  75%     26
  80%     28
  90%     32
  95%     36
  98%     40
  99%     40
 100%     44 (longest request)



2. actix-diesel
===============

server host :
-------------
cargo run --release


client host :
--------------

$ ab -n 4096 -c 1 http://192.168.1.12:55502/color
This is ApacheBench, Version 2.3 <$Revision: 655654 $>
Copyright 1996 Adam Twiss, Zeus Technology Ltd, http://www.zeustech.net/
Licensed to The Apache Software Foundation, http://www.apache.org/

Benchmarking 192.168.1.12 (be patient)
Completed 409 requests
Completed 818 requests
Completed 1227 requests
Completed 1636 requests
Completed 2045 requests
Completed 2454 requests
Completed 2863 requests
Completed 3272 requests
Completed 3681 requests
Completed 4090 requests
Finished 4096 requests


Server Software:        
Server Hostname:        192.168.1.12
Server Port:            55502

Document Path:          /color
Document Length:        204 bytes

Concurrency Level:      1
Time taken for tests:   8.333 seconds
Complete requests:      4096
Failed requests:        0
Write errors:           0
Total transferred:      1282048 bytes
HTML transferred:       835584 bytes
Requests per second:    491.54 [#/sec] (mean)
Time per request:       2.034 [ms] (mean)
Time per request:       2.034 [ms] (mean, across all concurrent requests)
Transfer rate:          150.25 [Kbytes/sec] received

Connection Times (ms)
              min  mean[+/-sd] median   max
Connect:        0    1   3.2      1     204
Processing:     1    1   0.8      1      15
Waiting:        0    1   0.7      1      14
Total:          1    2   3.4      2     205

Percentage of the requests served within a certain time (ms)
  50%      2
  66%      2
  75%      2
  80%      2
  90%      2
  95%      4
  98%      6
  99%      6
 100%    205 (longest request)

$ ab -n 4096 -c 2 http://192.168.1.12:55502/color
This is ApacheBench, Version 2.3 <$Revision: 655654 $>
Copyright 1996 Adam Twiss, Zeus Technology Ltd, http://www.zeustech.net/
Licensed to The Apache Software Foundation, http://www.apache.org/

Benchmarking 192.168.1.12 (be patient)
Completed 409 requests
Completed 818 requests
Completed 1227 requests
Completed 1636 requests
Completed 2045 requests
Completed 2454 requests
Completed 2863 requests
Completed 3272 requests
Completed 3681 requests
Completed 4090 requests
Finished 4096 requests


Server Software:        
Server Hostname:        192.168.1.12
Server Port:            55502

Document Path:          /color
Document Length:        204 bytes

Concurrency Level:      2
Time taken for tests:   4.211 seconds
Complete requests:      4096
Failed requests:        0
Write errors:           0
Total transferred:      1282048 bytes
HTML transferred:       835584 bytes
Requests per second:    972.70 [#/sec] (mean)
Time per request:       2.056 [ms] (mean)
Time per request:       1.028 [ms] (mean, across all concurrent requests)
Transfer rate:          297.32 [Kbytes/sec] received

Connection Times (ms)
              min  mean[+/-sd] median   max
Connect:        0    1   0.8      1      21
Processing:     1    1   1.3      1      25
Waiting:        0    1   1.2      1      24
Total:          1    2   1.6      2      25

Percentage of the requests served within a certain time (ms)
  50%      2
  66%      2
  75%      2
  80%      2
  90%      2
  95%      5
  98%      6
  99%      7
 100%     25 (longest request)

$ ab -n 4096 -c 4 http://192.168.1.12:55502/color
This is ApacheBench, Version 2.3 <$Revision: 655654 $>
Copyright 1996 Adam Twiss, Zeus Technology Ltd, http://www.zeustech.net/
Licensed to The Apache Software Foundation, http://www.apache.org/

Benchmarking 192.168.1.12 (be patient)
Completed 409 requests
Completed 818 requests
Completed 1227 requests
Completed 1636 requests
Completed 2045 requests
Completed 2454 requests
Completed 2863 requests
Completed 3272 requests
Completed 3681 requests
Completed 4090 requests
Finished 4096 requests


Server Software:        
Server Hostname:        192.168.1.12
Server Port:            55502

Document Path:          /color
Document Length:        204 bytes

Concurrency Level:      4
Time taken for tests:   2.152 seconds
Complete requests:      4096
Failed requests:        0
Write errors:           0
Total transferred:      1282048 bytes
HTML transferred:       835584 bytes
Requests per second:    1903.57 [#/sec] (mean)
Time per request:       2.101 [ms] (mean)
Time per request:       0.525 [ms] (mean, across all concurrent requests)
Transfer rate:          581.85 [Kbytes/sec] received

Connection Times (ms)
              min  mean[+/-sd] median   max
Connect:        0    1   0.9      1      18
Processing:     1    1   1.0      1      19
Waiting:        0    1   0.9      1      19
Total:          1    2   1.5      2      20

Percentage of the requests served within a certain time (ms)
  50%      2
  66%      2
  75%      2
  80%      2
  90%      2
  95%      5
  98%      7
  99%     10
 100%     20 (longest request)

$ ab -n 4096 -c 8 http://192.168.1.12:55502/color
This is ApacheBench, Version 2.3 <$Revision: 655654 $>
Copyright 1996 Adam Twiss, Zeus Technology Ltd, http://www.zeustech.net/
Licensed to The Apache Software Foundation, http://www.apache.org/

Benchmarking 192.168.1.12 (be patient)
Completed 409 requests
Completed 818 requests
Completed 1227 requests
Completed 1636 requests
Completed 2045 requests
Completed 2454 requests
Completed 2863 requests
Completed 3272 requests
Completed 3681 requests
Completed 4090 requests
Finished 4096 requests


Server Software:        
Server Hostname:        192.168.1.12
Server Port:            55502

Document Path:          /color
Document Length:        204 bytes

Concurrency Level:      8
Time taken for tests:   1.593 seconds
Complete requests:      4096
Failed requests:        0
Write errors:           0
Total transferred:      1282048 bytes
HTML transferred:       835584 bytes
Requests per second:    2570.61 [#/sec] (mean)
Time per request:       3.112 [ms] (mean)
Time per request:       0.389 [ms] (mean, across all concurrent requests)
Transfer rate:          785.74 [Kbytes/sec] received

Connection Times (ms)
              min  mean[+/-sd] median   max
Connect:        0    1   1.3      1      15
Processing:     1    2   1.6      1      16
Waiting:        0    1   1.4      1      14
Total:          1    3   2.2      2      23

Percentage of the requests served within a certain time (ms)
  50%      2
  66%      2
  75%      3
  80%      3
  90%      5
  95%      7
  98%     11
  99%     14
 100%     23 (longest request)

$ ab -n 4096 -c 16 http://192.168.1.12:55502/color
This is ApacheBench, Version 2.3 <$Revision: 655654 $>
Copyright 1996 Adam Twiss, Zeus Technology Ltd, http://www.zeustech.net/
Licensed to The Apache Software Foundation, http://www.apache.org/

Benchmarking 192.168.1.12 (be patient)
Completed 409 requests
Completed 818 requests
Completed 1227 requests
Completed 1636 requests
Completed 2045 requests
Completed 2454 requests
Completed 2863 requests
Completed 3272 requests
Completed 3681 requests
Completed 4090 requests
Finished 4096 requests


Server Software:        
Server Hostname:        192.168.1.12
Server Port:            55502

Document Path:          /color
Document Length:        204 bytes

Concurrency Level:      16
Time taken for tests:   1.557 seconds
Complete requests:      4096
Failed requests:        0
Write errors:           0
Total transferred:      1283613 bytes
HTML transferred:       836604 bytes
Requests per second:    2631.47 [#/sec] (mean)
Time per request:       6.080 [ms] (mean)
Time per request:       0.380 [ms] (mean, across all concurrent requests)
Transfer rate:          805.33 [Kbytes/sec] received

Connection Times (ms)
              min  mean[+/-sd] median   max
Connect:        1    2   1.9      2      17
Processing:     1    4   2.3      3      23
Waiting:        1    2   1.9      2      17
Total:          3    6   3.3      5      29

Percentage of the requests served within a certain time (ms)
  50%      5
  66%      5
  75%      5
  80%      6
  90%      9
  95%     13
  98%     18
  99%     21
 100%     29 (longest request)

$ ab -n 4096 -c 32 http://192.168.1.12:55502/color
This is ApacheBench, Version 2.3 <$Revision: 655654 $>
Copyright 1996 Adam Twiss, Zeus Technology Ltd, http://www.zeustech.net/
Licensed to The Apache Software Foundation, http://www.apache.org/

Benchmarking 192.168.1.12 (be patient)
Completed 409 requests
Completed 818 requests
Completed 1227 requests
Completed 1636 requests
Completed 2045 requests
Completed 2454 requests
Completed 2863 requests
Completed 3272 requests
Completed 3681 requests
Completed 4090 requests
Finished 4096 requests


Server Software:        
Server Hostname:        192.168.1.12
Server Port:            55502

Document Path:          /color
Document Length:        204 bytes

Concurrency Level:      32
Time taken for tests:   1.553 seconds
Complete requests:      4096
Failed requests:        0
Write errors:           0
Total transferred:      1282048 bytes
HTML transferred:       835584 bytes
Requests per second:    2637.85 [#/sec] (mean)
Time per request:       12.131 [ms] (mean)
Time per request:       0.379 [ms] (mean, across all concurrent requests)
Transfer rate:          806.29 [Kbytes/sec] received

Connection Times (ms)
              min  mean[+/-sd] median   max
Connect:        1    5   3.5      4      31
Processing:     3    7   3.8      6      44
Waiting:        1    5   3.2      4      32
Total:          5   12   5.8     10      54

Percentage of the requests served within a certain time (ms)
  50%     10
  66%     10
  75%     13
  80%     14
  90%     18
  95%     26
  98%     29
  99%     35
 100%     54 (longest request)

$ ab -n 4096 -c 64 http://192.168.1.12:55502/color
This is ApacheBench, Version 2.3 <$Revision: 655654 $>
Copyright 1996 Adam Twiss, Zeus Technology Ltd, http://www.zeustech.net/
Licensed to The Apache Software Foundation, http://www.apache.org/

Benchmarking 192.168.1.12 (be patient)
Completed 409 requests
Completed 818 requests
Completed 1227 requests
Completed 1636 requests
Completed 2045 requests
Completed 2454 requests
Completed 2863 requests
Completed 3272 requests
Completed 3681 requests
Completed 4090 requests
Finished 4096 requests


Server Software:        
Server Hostname:        192.168.1.12
Server Port:            55502

Document Path:          /color
Document Length:        204 bytes

Concurrency Level:      64
Time taken for tests:   1.574 seconds
Complete requests:      4096
Failed requests:        0
Write errors:           0
Total transferred:      1287056 bytes
HTML transferred:       838848 bytes
Requests per second:    2601.54 [#/sec] (mean)
Time per request:       24.601 [ms] (mean)
Time per request:       0.384 [ms] (mean, across all concurrent requests)
Transfer rate:          798.30 [Kbytes/sec] received

Connection Times (ms)
              min  mean[+/-sd] median   max
Connect:        1   11   6.6      9      55
Processing:     6   13   6.0     11      66
Waiting:        1    9   5.6      8      55
Total:          9   24   8.9     21      72

Percentage of the requests served within a certain time (ms)
  50%     21
  66%     24
  75%     27
  80%     29
  90%     36
  95%     44
  98%     51
  99%     62
 100%     72 (longest request)


3. spring
=========

$ ab -n 4096 -c 1 http://192.168.1.12:55506/color
This is ApacheBench, Version 2.3 <$Revision: 655654 $>
Copyright 1996 Adam Twiss, Zeus Technology Ltd, http://www.zeustech.net/
Licensed to The Apache Software Foundation, http://www.apache.org/

Benchmarking 192.168.1.12 (be patient)
Completed 409 requests
Completed 818 requests
Completed 1227 requests
Completed 1636 requests
Completed 2045 requests
Completed 2454 requests
Completed 2863 requests
Completed 3272 requests
Completed 3681 requests
Completed 4090 requests
Finished 4096 requests


Server Software:        
Server Hostname:        192.168.1.12
Server Port:            55506

Document Path:          /color
Document Length:        204 bytes

Concurrency Level:      1
Time taken for tests:   8.389 seconds
Complete requests:      4096
Failed requests:        0
Write errors:           0
Total transferred:      1323008 bytes
HTML transferred:       835584 bytes
Requests per second:    488.26 [#/sec] (mean)
Time per request:       2.048 [ms] (mean)
Time per request:       2.048 [ms] (mean, across all concurrent requests)
Transfer rate:          154.01 [Kbytes/sec] received

Connection Times (ms)
              min  mean[+/-sd] median   max
Connect:        0    1   3.3      1     204
Processing:     1    1   0.8      1      14
Waiting:        0    1   0.7      1      14
Total:          1    2   3.4      2     206

Percentage of the requests served within a certain time (ms)
  50%      2
  66%      2
  75%      2
  80%      2
  90%      2
  95%      4
  98%      6
  99%      6
 100%    206 (longest request)


$ ab -n 4096 -c 2 http://192.168.1.12:55506/color
This is ApacheBench, Version 2.3 <$Revision: 655654 $>
Copyright 1996 Adam Twiss, Zeus Technology Ltd, http://www.zeustech.net/
Licensed to The Apache Software Foundation, http://www.apache.org/

Benchmarking 192.168.1.12 (be patient)
Completed 409 requests
Completed 818 requests
Completed 1227 requests
Completed 1636 requests
Completed 2045 requests
Completed 2454 requests
Completed 2863 requests
Completed 3272 requests
Completed 3681 requests
Completed 4090 requests
Finished 4096 requests


Server Software:        
Server Hostname:        192.168.1.12
Server Port:            55506

Document Path:          /color
Document Length:        204 bytes

Concurrency Level:      2
Time taken for tests:   4.168 seconds
Complete requests:      4096
Failed requests:        0
Write errors:           0
Total transferred:      1323008 bytes
HTML transferred:       835584 bytes
Requests per second:    982.62 [#/sec] (mean)
Time per request:       2.035 [ms] (mean)
Time per request:       1.018 [ms] (mean, across all concurrent requests)
Transfer rate:          309.95 [Kbytes/sec] received

Connection Times (ms)
              min  mean[+/-sd] median   max
Connect:        0    1   0.8      1      12
Processing:     1    1   1.0      1      19
Waiting:        0    1   0.8      1      19
Total:          1    2   1.3      2      20

Percentage of the requests served within a certain time (ms)
  50%      2
  66%      2
  75%      2
  80%      2
  90%      2
  95%      5
  98%      6
  99%      7
 100%     20 (longest request)


$ ab -n 4096 -c 4 http://192.168.1.12:55506/color
This is ApacheBench, Version 2.3 <$Revision: 655654 $>
Copyright 1996 Adam Twiss, Zeus Technology Ltd, http://www.zeustech.net/
Licensed to The Apache Software Foundation, http://www.apache.org/

Benchmarking 192.168.1.12 (be patient)
Completed 409 requests
Completed 818 requests
Completed 1227 requests
Completed 1636 requests
Completed 2045 requests
Completed 2454 requests
Completed 2863 requests
Completed 3272 requests
Completed 3681 requests
Completed 4090 requests
Finished 4096 requests


Server Software:        
Server Hostname:        192.168.1.12
Server Port:            55506

Document Path:          /color
Document Length:        204 bytes

Concurrency Level:      4
Time taken for tests:   2.257 seconds
Complete requests:      4096
Failed requests:        0
Write errors:           0
Total transferred:      1323008 bytes
HTML transferred:       835584 bytes
Requests per second:    1814.62 [#/sec] (mean)
Time per request:       2.204 [ms] (mean)
Time per request:       0.551 [ms] (mean, across all concurrent requests)
Transfer rate:          572.38 [Kbytes/sec] received

Connection Times (ms)
              min  mean[+/-sd] median   max
Connect:        0    1   1.0      1      13
Processing:     1    1   1.3      1      18
Waiting:        0    1   1.1      1      14
Total:          1    2   1.7      2      19

Percentage of the requests served within a certain time (ms)
  50%      2
  66%      2
  75%      2
  80%      2
  90%      2
  95%      6
  98%      8
  99%     11
 100%     19 (longest request)

$ ab -n 4096 -c 8 http://192.168.1.12:55506/color
This is ApacheBench, Version 2.3 <$Revision: 655654 $>
Copyright 1996 Adam Twiss, Zeus Technology Ltd, http://www.zeustech.net/
Licensed to The Apache Software Foundation, http://www.apache.org/

Benchmarking 192.168.1.12 (be patient)
Completed 409 requests
Completed 818 requests
Completed 1227 requests
Completed 1636 requests
Completed 2045 requests
Completed 2454 requests
Completed 2863 requests
Completed 3272 requests
Completed 3681 requests
Completed 4090 requests
Finished 4096 requests


Server Software:        
Server Hostname:        192.168.1.12
Server Port:            55506

Document Path:          /color
Document Length:        204 bytes

Concurrency Level:      8
Time taken for tests:   1.505 seconds
Complete requests:      4096
Failed requests:        0
Write errors:           0
Total transferred:      1323008ytes
HTML transferred:       835584 byte bs
Requests per second:    2721.09 [#/sec] (mean)
Time per request:       2.940 [ms] (mean)
Time per request:       0.367 [ms] (mean, across all concurrent requests)
Transfer rate:          858.31 [Kbytes/sec] received

Connection Times (ms)
              min  mean[+/-sd] median   max
Connect:        0    1   1.2      1      16
Processing:     1    2   1.4      1      17
Waiting:        0    1   1.2      1      17
Total:          1    3   2.0      2      21

Percentage of the requests served within a certain time (ms)
  50%      2
  66%      2
  75%      3
  80%      3
  90%      3
  95%      6
  98%     10
  99%     12
 100%     21 (longest request)

$ ab -n 4096 -c 16 http://192.168.1.12:55506/color
This is ApacheBench, Version 2.3 <$Revision: 655654 $>
Copyright 1996 Adam Twiss, Zeus Technology Ltd, http://www.zeustech.net/
Licensed to The Apache Software Foundation, http://www.apache.org/

Benchmarking 192.168.1.12 (be patient)
Completed 409 requests
Completed 818 requests
Completed 1227 requests
Completed 1636 requests
Completed 2045 requests
Completed 2454 requests
Completed 2863 requests
Completed 3272 requests
Completed 3681 requests
Completed 4090 requests
Finished 4096 requests


Server Software:        
Server Hostname:        192.168.1.12
Server Port:            55506

Document Path:          /color
Document Length:        204 bytes

Concurrency Level:      16
Time taken for tests:   1.533 seconds
Complete requests:      4096
Failed requests:        0
Write errors:           0
Total transferred:      1324300 bytes
HTML transferred:       836400 bytes
Requests per second:    2671.94 [#/sec] (mean)
Time per request:       5.988 [ms] (mean)
Time per request:       0.374 [ms] (mean, across all concurrent requests)
Transfer rate:          843.63 [Kbytes/sec] received

Connection Times (ms)
              min  mean[+/-sd] median   max
Connect:        1    2   1.9      2      19
Processing:     1    4   2.4      3      30
Waiting:        0    2   1.9      2      28
Total:          3    6   3.4      5      33

Percentage of the requests served within a certain time (ms)
  50%      5
  66%      5
  75%      5
  80%      5
  90%      9
  95%     13
  98%     17
  99%     22
 100%     33 (longest request)

$ ab -n 4096 -c 32 http://192.168.1.12:55506/color
This is ApacheBench, Version 2.3 <$Revision: 655654 $>
Copyright 1996 Adam Twiss, Zeus Technology Ltd, http://www.zeustech.net/
Licensed to The Apache Software Foundation, http://www.apache.org/

Benchmarking 192.168.1.12 (be patient)
Completed 409 requests
Completed 818 requests
Completed 1227 requests
Completed 1636 requests
Completed 2045 requests
Completed 2454 requests
Completed 2863 requests
Completed 3272 requests
Completed 3681 requests
Completed 4090 requests
Finished 4096 requests


Server Software:        
Server Hostname:        192.168.1.12
Server Port:            55506

Document Path:          /color
Document Length:        204 bytes

Concurrency Level:      32
Time taken for tests:   1.536 seconds
Complete requests:      4096
Failed requests:        0
Write errors:           0
Total transferred:      1327530 bytes
HTML transferred:       838440 bytes
Requests per second:    2666.65 [#/sec] (mean)
Time per request:       12.000 [ms] (mean)
Time per request:       0.375 [ms] (mean, across all concurrent requests)
Transfer rate:          844.01 [Kbytes/sec] received

Connection Times (ms)
              min  mean[+/-sd] median   max
Connect:        1    5   2.9      4      38
Processing:     3    7   4.1      6      48
Waiting:        2    5   3.2      4      35
Total:          6   12   5.5      9      55

Percentage of the requests served within a certain time (ms)
  50%      9
  66%     10
  75%     13
  80%     14
  90%     18
  95%     22
  98%     31
  99%     36
 100%     55 (longest request)

$ ab -n 4096 -c 32 http://192.168.1.12:55506/color
This is ApacheBench, Version 2.3 <$Revision: 655654 $>
Copyright 1996 Adam Twiss, Zeus Technology Ltd, http://www.zeustech.net/
Licensed to The Apache Software Foundation, http://www.apache.org/

Benchmarking 192.168.1.12 (be patient)
Completed 409 requests
Completed 818 requests
Completed 1227 requests
Completed 1636 requests
Completed 2045 requests
Completed 2454 requests
Completed 2863 requests
Completed 3272 requests
Completed 3681 requests
Completed 4090 requests
Finished 4096 requests


Server Software:        
Server Hostname:        192.168.1.12
Server Port:            55506

Document Path:          /color
Document Length:        204 bytes

Concurrency Level:      32
Time taken for tests:   1.518 seconds
Complete requests:      4096
Failed requests:        0
Write errors:           0
Total transferred:      1326238 bytes
HTML transferred:       837624 bytes
Requests per second:    2698.79 [#/sec] (mean)
Time per request:       11.857 [ms] (mean)
Time per request:       0.371 [ms] (mean, across all concurrent requests)
Transfer rate:          853.36 [Kbytes/sec] received

Connection Times (ms)
              min  mean[+/-sd] median   max
Connect:        1    5   3.0      4      33
Processing:     3    7   3.8      6      35
Waiting:        2    5   3.0      4      33
Total:          6   12   5.0      9      43

Percentage of the requests served within a certain time (ms)
  50%      9
  66%     10
  75%     13
  80%     14
  90%     18
  95%     21
  98%     27
  99%     34
 100%     43 (longest request)

$ ab -n 4096 -c 64 http://192.168.1.12:55506/color
This is ApacheBench, Version 2.3 <$Revision: 655654 $>
Copyright 1996 Adam Twiss, Zeus Technology Ltd, http://www.zeustech.net/
Licensed to The Apache Software Foundation, http://www.apache.org/

Benchmarking 192.168.1.12 (be patient)
Completed 409 requests
Completed 818 requests
Completed 1227 requests
Completed 1636 requests
Completed 2045 requests
Completed 2454 requests
Completed 2863 requests
Completed 3272 requests
Completed 3681 requests
Completed 4090 requests
Finished 4096 requests


Server Software:        
Server Hostname:        192.168.1.12
Server Port:            55506

Document Path:          /color
Document Length:        204 bytes

Concurrency Level:      64
Time taken for tests:   1.581 seconds
Complete requests:      4096
Failed requests:        0
Write errors:           0
Total transferred:      1332052 bytes
HTML transferred:       841296 bytes
Requests per second:    2590.38 [#/sec] (mean)
Time per request:       24.707 [ms] (mean)
Time per request:       0.386 [ms] (mean, across all concurrent requests)
Transfer rate:          822.67 [Kbytes/sec] received

Connection Times (ms)
              min  mean[+/-sd] median   max
Connect:        1   11   5.6      9      52
Processing:     6   14   6.9     11      57
Waiting:        2   10   5.7      8      51
Total:          9   24   9.0     21      68

Percentage of the requests served within a certain time (ms)
  50%     21
  66%     24
  75%     28
  80%     31
  90%     35
  95%     43
  98%     55
  99%     62
 100%     68 (longest request)
